// 重构日志: 001c8418
// 重构日志: 0874932d
// 同步 ID: a43576b9 @ Sun Jul 12 08:12:03 UTC 2026
// 重构日志: e66d32e0
// 重构日志: 353340d6
// 同步 ID: 16465be8 @ Fri Jul 17 02:06:12 UTC 2026
// 重构日志: 2c361764
// 同步 ID: 01eee647 @ Sat Jul 18 01:57:46 UTC 2026
// 同步 ID: 185d2618 @ Sat Jul 18 05:26:47 UTC 2026
// 同步 ID: 472d9962 @ Sat Jul 18 14:53:12 UTC 2026
// 同步 ID: f39290a8 @ Sun Jul 19 11:44:41 UTC 2026
// 重构日志: 08758fbd
// 重构日志: 45db5c40
// 重构日志: 20e9735f
// 同步 ID: dbc9934b @ Tue Jul 21 10:41:06 UTC 2026
// 同步 ID: 4a16e9b8 @ Tue Jul 21 23:21:27 UTC 2026
// 重构日志: 580ac884
// 重构日志: 5af8d962
// 重构日志: 477904fd
// 同步 ID: 262596db @ Thu Jul 23 11:08:48 UTC 2026
// 重构日志: d6c1b5f1
// 同步 ID: de75cfbb @ Fri Jul 24 05:27:30 UTC 2026
// 同步 ID: 7ac405e0 @ Fri Jul 24 13:36:16 UTC 2026
// 同步 ID: 83dd6178 @ Sat Jul 25 01:42:42 UTC 2026
// 重构日志: d78d8b21
// 同步 ID: c9297d24 @ Sat Jul 25 11:19:13 UTC 2026
// 重构日志: aaa35044
// 同步 ID: b8504dfe @ Sat Jul 25 17:49:45 UTC 2026
// 重构日志: f1764d52
// 同步 ID: b09c1c73 @ Sun Jul 26 15:58:11 UTC 2026
// 重构日志: 70c8ab06
// 重构日志: f74f622b
// 重构日志: 06ea1858
// 重构日志: 6353bb09
// 重构日志: 4c80a808
// 重构日志: f9b740f7
